// Jest Snapshot v1, https://goo.gl/fbAQLP

exports[`Button Screen Test renders properly 1`] = `
<RCTSafeAreaView
  emulateUnlessSupported={true}
  style={
    Object {
      "backgroundColor": "black",
      "flex": 1,
    }
  }
>
  <View
    style={
      Object {
        "backgroundColor": "black",
        "flex": 1,
        "justifyContent": "space-between",
      }
    }
  >
    <View
      style={
        Object {
          "flexDirection": "row",
          "height": 40,
          "justifyContent": "flex-end",
        }
      }
    >
      <Text
        style={
          Object {
            "color": "white",
            "fontSize": 19,
            "paddingVertical": 10,
            "textAlign": "left",
          }
        }
      >
         User Name:
      </Text>
      <Text
        style={
          Array [
            Object {
              "color": "white",
              "fontSize": 19,
              "paddingVertical": 10,
              "textAlign": "left",
            },
            Object {
              "marginLeft": 10,
              "marginRight": 15,
            },
          ]
        }
      >
        
      </Text>
    </View>
    <View
      style={
        Object {
          "justifyContent": "flex-end",
        }
      }
    >
      <View
        style={
          Object {
            "alignItems": "center",
            "flexDirection": "column",
            "height": 80.03999999999999,
            "justifyContent": "center",
            "marginBottom": 10,
            "width": "100%",
          }
        }
      >
        <Text
          style={
            Object {
              "color": "#B1BD2F",
              "fontSize": 19,
              "fontWeight": "normal",
            }
          }
        >
          4 variations of a button
        </Text>
      </View>
      <View
        style={
          Object {
            "flexDirection": "column",
            "marginBottom": 20,
            "width": "100%",
          }
        }
      >
        <View
          accessible={true}
          focusable={true}
          onClick={[Function]}
          onResponderGrant={[Function]}
          onResponderMove={[Function]}
          onResponderRelease={[Function]}
          onResponderTerminate={[Function]}
          onResponderTerminationRequest={[Function]}
          onStartShouldSetResponder={[Function]}
          style={
            Object {
              "alignItems": "center",
              "backgroundColor": "black",
              "borderRadius": 5,
              "height": 80.03999999999999,
              "justifyContent": "center",
              "marginEnd": 20,
              "marginStart": 20,
              "opacity": 1,
            }
          }
        >
          <Text
            style={
              Array [
                Object {
                  "color": "white",
                  "fontSize": 17,
                  "fontWeight": "normal",
                },
                Object {
                  "color": "#65ABE3",
                },
              ]
            }
          >
            Press me
          </Text>
        </View>
      </View>
      <View
        style={
          Object {
            "flexDirection": "column",
            "marginBottom": 20,
            "width": "100%",
          }
        }
      >
        <View
          accessible={true}
          focusable={true}
          onClick={[Function]}
          onResponderGrant={[Function]}
          onResponderMove={[Function]}
          onResponderRelease={[Function]}
          onResponderTerminate={[Function]}
          onResponderTerminationRequest={[Function]}
          onStartShouldSetResponder={[Function]}
          style={
            Object {
              "alignItems": "center",
              "backgroundColor": "#2E3A41",
              "borderRadius": 5,
              "height": 80.03999999999999,
              "justifyContent": "center",
              "marginEnd": 20,
              "marginStart": 20,
              "opacity": 1,
            }
          }
        >
          <Text
            style={
              Array [
                Object {
                  "color": "white",
                  "fontSize": 17,
                  "fontWeight": "normal",
                },
                Object {
                  "color": "#65ABE3",
                },
              ]
            }
          >
            Press me
          </Text>
        </View>
      </View>
      <View
        style={
          Object {
            "flexDirection": "column",
            "marginBottom": 20,
            "width": "100%",
          }
        }
      >
        <View
          accessible={true}
          focusable={true}
          onClick={[Function]}
          onResponderGrant={[Function]}
          onResponderMove={[Function]}
          onResponderRelease={[Function]}
          onResponderTerminate={[Function]}
          onResponderTerminationRequest={[Function]}
          onStartShouldSetResponder={[Function]}
          style={
            Object {
              "alignItems": "center",
              "backgroundColor": "#5AAAF2",
              "borderRadius": 5,
              "height": 80.03999999999999,
              "justifyContent": "center",
              "marginEnd": 20,
              "marginStart": 20,
              "opacity": 1,
            }
          }
        >
          <Text
            style={
              Array [
                Object {
                  "color": "white",
                  "fontSize": 17,
                  "fontWeight": "normal",
                },
                undefined,
              ]
            }
          >
            Press me
          </Text>
        </View>
      </View>
      <View
        style={
          Object {
            "flexDirection": "column",
            "marginBottom": 20,
            "width": "100%",
          }
        }
      >
        <View
          onLayout={[Function]}
          style={
            Array [
              Object {
                "borderRadius": 50,
                "borderWidth": 1,
                "justifyContent": "center",
                "margin": 5,
              },
              Object {
                "alignItems": "center",
                "backgroundColor": "black",
                "borderColor": "grey",
                "borderRadius": 5,
                "height": 80.03999999999999,
                "justifyContent": "center",
                "marginEnd": 20,
                "marginStart": 20,
              },
            ]
          }
        >
          <Text
            importantForAccessibility=""
            style={
              Array [
                Object {
                  "alignSelf": "center",
                  "position": "absolute",
                },
                Object {
                  "color": "#5AAAF2",
                  "fontSize": 20,
                },
              ]
            }
          >
            Success
          </Text>
        </View>
      </View>
    </View>
  </View>
</RCTSafeAreaView>
`;
