// Jest Snapshot v1, https://goo.gl/fbAQLP

exports[`CommonButton CommonButton renders properly 1`] = `
<View
  style={
    Object {
      "flexDirection": "column",
      "marginBottom": 20,
      "width": "100%",
    }
  }
>
  <View
    accessible={true}
    focusable={true}
    onClick={[Function]}
    onResponderGrant={[Function]}
    onResponderMove={[Function]}
    onResponderRelease={[Function]}
    onResponderTerminate={[Function]}
    onResponderTerminationRequest={[Function]}
    onStartShouldSetResponder={[Function]}
    style={
      Object {
        "alignItems": "center",
        "backgroundColor": "red",
        "borderRadius": 5,
        "height": 80.03999999999999,
        "justifyContent": "center",
        "marginEnd": 20,
        "marginStart": 20,
        "opacity": 1,
      }
    }
    testID="updatedButton"
  >
    <Text
      style={
        Array [
          Object {
            "color": "white",
            "fontSize": 17,
            "fontWeight": "normal",
          },
          undefined,
        ]
      }
    >
      testing
    </Text>
  </View>
</View>
`;
