// Jest Snapshot v1, https://goo.gl/fbAQLP

exports[`Information Screen renders properly 1`] = `
<RCTSafeAreaView
  emulateUnlessSupported={true}
  style={
    Object {
      "flex": 1,
    }
  }
>
  <View
    style={
      Object {
        "backgroundColor": "white",
        "flex": 1,
        "flexDirection": "row",
        "justifyContent": "flex-end",
      }
    }
  >
    <Text
      style={
        Object {
          "color": "black",
          "fontSize": 19,
          "height": 25,
          "marginTop": 10,
          "textAlign": "left",
        }
      }
    >
       User Name:
    </Text>
    <Text
      style={
        Array [
          Object {
            "color": "black",
            "fontSize": 19,
            "height": 25,
            "marginTop": 10,
            "textAlign": "left",
          },
          Object {
            "marginLeft": 10,
            "marginRight": 15,
          },
        ]
      }
      testID="User Name"
    >
      
    </Text>
  </View>
</RCTSafeAreaView>
`;
